Archive member included to satisfy reference by file (symbol)

/usr/lib/gcc/arm-none-eabi/13.2.1/../../../arm-none-eabi/lib/thumb/v6-m/nofp/libc_nano.a(libc_a-init.o)
                              /usr/lib/gcc/arm-none-eabi/13.2.1/../../../arm-none-eabi/lib/thumb/v6-m/nofp/crt0.o (__libc_init_array)
/usr/lib/gcc/arm-none-eabi/13.2.1/../../../arm-none-eabi/lib/thumb/v6-m/nofp/libc_nano.a(libc_a-memset.o)
                              /usr/lib/gcc/arm-none-eabi/13.2.1/../../../arm-none-eabi/lib/thumb/v6-m/nofp/crt0.o (memset)
/usr/lib/gcc/arm-none-eabi/13.2.1/../../../arm-none-eabi/lib/thumb/v6-m/nofp/libc_nano.a(libc_a-exit.o)
                              /usr/lib/gcc/arm-none-eabi/13.2.1/../../../arm-none-eabi/lib/thumb/v6-m/nofp/crt0.o (exit)
/usr/lib/gcc/arm-none-eabi/13.2.1/../../../arm-none-eabi/lib/thumb/v6-m/nofp/libc_nano.a(libc_a-atexit.o)
                              /usr/lib/gcc/arm-none-eabi/13.2.1/../../../arm-none-eabi/lib/thumb/v6-m/nofp/crt0.o (atexit)
/usr/lib/gcc/arm-none-eabi/13.2.1/../../../arm-none-eabi/lib/thumb/v6-m/nofp/libc_nano.a(libc_a-fini.o)
                              /usr/lib/gcc/arm-none-eabi/13.2.1/../../../arm-none-eabi/lib/thumb/v6-m/nofp/crt0.o (__libc_fini_array)
/usr/lib/gcc/arm-none-eabi/13.2.1/../../../arm-none-eabi/lib/thumb/v6-m/nofp/libc_nano.a(libc_a-findfp.o)
                              /usr/lib/gcc/arm-none-eabi/13.2.1/../../../arm-none-eabi/lib/thumb/v6-m/nofp/libc_nano.a(libc_a-exit.o) (__stdio_exit_handler)
/usr/lib/gcc/arm-none-eabi/13.2.1/../../../arm-none-eabi/lib/thumb/v6-m/nofp/libc_nano.a(libc_a-fflush.o)
                              /usr/lib/gcc/arm-none-eabi/13.2.1/../../../arm-none-eabi/lib/thumb/v6-m/nofp/libc_nano.a(libc_a-findfp.o) (_fflush_r)
/usr/lib/gcc/arm-none-eabi/13.2.1/../../../arm-none-eabi/lib/thumb/v6-m/nofp/libc_nano.a(libc_a-mallocr.o)
                              /usr/lib/gcc/arm-none-eabi/13.2.1/../../../arm-none-eabi/lib/thumb/v6-m/nofp/libc_nano.a(libc_a-findfp.o) (_malloc_r)
/usr/lib/gcc/arm-none-eabi/13.2.1/../../../arm-none-eabi/lib/thumb/v6-m/nofp/libc_nano.a(libc_a-freer.o)
                              /usr/lib/gcc/arm-none-eabi/13.2.1/../../../arm-none-eabi/lib/thumb/v6-m/nofp/libc_nano.a(libc_a-fflush.o) (_free_r)
/usr/lib/gcc/arm-none-eabi/13.2.1/../../../arm-none-eabi/lib/thumb/v6-m/nofp/libc_nano.a(libc_a-fwalk.o)
                              /usr/lib/gcc/arm-none-eabi/13.2.1/../../../arm-none-eabi/lib/thumb/v6-m/nofp/libc_nano.a(libc_a-findfp.o) (_fwalk_sglue)
/usr/lib/gcc/arm-none-eabi/13.2.1/../../../arm-none-eabi/lib/thumb/v6-m/nofp/libc_nano.a(libc_a-__atexit.o)
                              /usr/lib/gcc/arm-none-eabi/13.2.1/../../../arm-none-eabi/lib/thumb/v6-m/nofp/libc_nano.a(libc_a-atexit.o) (__register_exitproc)
/usr/lib/gcc/arm-none-eabi/13.2.1/../../../arm-none-eabi/lib/thumb/v6-m/nofp/libc_nano.a(libc_a-mlock.o)
                              /usr/lib/gcc/arm-none-eabi/13.2.1/../../../arm-none-eabi/lib/thumb/v6-m/nofp/libc_nano.a(libc_a-mallocr.o) (__malloc_lock)
/usr/lib/gcc/arm-none-eabi/13.2.1/../../../arm-none-eabi/lib/thumb/v6-m/nofp/libc_nano.a(libc_a-sbrkr.o)
                              /usr/lib/gcc/arm-none-eabi/13.2.1/../../../arm-none-eabi/lib/thumb/v6-m/nofp/libc_nano.a(libc_a-mallocr.o) (_sbrk_r)
/usr/lib/gcc/arm-none-eabi/13.2.1/../../../arm-none-eabi/lib/thumb/v6-m/nofp/libc_nano.a(libc_a-stdio.o)
                              /usr/lib/gcc/arm-none-eabi/13.2.1/../../../arm-none-eabi/lib/thumb/v6-m/nofp/libc_nano.a(libc_a-findfp.o) (__sread)
/usr/lib/gcc/arm-none-eabi/13.2.1/../../../arm-none-eabi/lib/thumb/v6-m/nofp/libc_nano.a(libc_a-impure.o)
                              /usr/lib/gcc/arm-none-eabi/13.2.1/../../../arm-none-eabi/lib/thumb/v6-m/nofp/libc_nano.a(libc_a-fflush.o) (_impure_ptr)
/usr/lib/gcc/arm-none-eabi/13.2.1/../../../arm-none-eabi/lib/thumb/v6-m/nofp/libc_nano.a(libc_a-closer.o)
                              /usr/lib/gcc/arm-none-eabi/13.2.1/../../../arm-none-eabi/lib/thumb/v6-m/nofp/libc_nano.a(libc_a-stdio.o) (_close_r)
/usr/lib/gcc/arm-none-eabi/13.2.1/../../../arm-none-eabi/lib/thumb/v6-m/nofp/libc_nano.a(libc_a-__call_atexit.o)
                              /usr/lib/gcc/arm-none-eabi/13.2.1/../../../arm-none-eabi/lib/thumb/v6-m/nofp/libc_nano.a(libc_a-__atexit.o) (__call_exitprocs)
/usr/lib/gcc/arm-none-eabi/13.2.1/../../../arm-none-eabi/lib/thumb/v6-m/nofp/libc_nano.a(libc_a-readr.o)
                              /usr/lib/gcc/arm-none-eabi/13.2.1/../../../arm-none-eabi/lib/thumb/v6-m/nofp/libc_nano.a(libc_a-stdio.o) (_read_r)
/usr/lib/gcc/arm-none-eabi/13.2.1/../../../arm-none-eabi/lib/thumb/v6-m/nofp/libc_nano.a(libc_a-reent.o)
                              /usr/lib/gcc/arm-none-eabi/13.2.1/../../../arm-none-eabi/lib/thumb/v6-m/nofp/libc_nano.a(libc_a-sbrkr.o) (errno)
/usr/lib/gcc/arm-none-eabi/13.2.1/../../../arm-none-eabi/lib/thumb/v6-m/nofp/libc_nano.a(libc_a-lseekr.o)
[...]
Memory Configuration

Name             Origin             Length             Attributes
RAM              0x20000000         0x00002000         xrw
FLASH            0x08000000         0x00010000         xr
*default*        0x00000000         0xffffffff

Linker script and memory map

LOAD /usr/lib/gcc/arm-none-eabi/13.2.1/thumb/v6-m/nofp/crti.o
LOAD /usr/lib/gcc/arm-none-eabi/13.2.1/thumb/v6-m/nofp/crtbegin.o
LOAD /usr/lib/gcc/arm-none-eabi/13.2.1/../../../arm-none-eabi/lib/thumb/v6-m/nofp/crt0.o
START GROUP
LOAD /usr/lib/gcc/arm-none-eabi/13.2.1/../../../arm-none-eabi/lib/thumb/v6-m/nofp/libc_nano.a
LOAD /usr/lib/gcc/arm-none-eabi/13.2.1/../../../arm-none-eabi/lib/thumb/v6-m/nofp/libm.a
END GROUP
LOAD CMakeFiles/AIPS.dir/Core/Src/main.c.obj
LOAD CMakeFiles/AIPS.dir/Core/Src/stm32g0xx_it.c.obj
LOAD CMakeFiles/AIPS.dir/Core/Src/stm32g0xx_hal_msp.c.obj
LOAD CMakeFiles/AIPS.dir/Drivers/STM32G0xx_HAL_Driver/Src/stm32g0xx_hal_adc.c.obj
LOAD CMakeFiles/AIPS.dir/Drivers/STM32G0xx_HAL_Driver/Src/stm32g0xx_hal_adc_ex.c.obj
LOAD CMakeFiles/AIPS.dir/Drivers/STM32G0xx_HAL_Driver/Src/stm32g0xx_ll_adc.c.obj
LOAD CMakeFiles/AIPS.dir/Drivers/STM32G0xx_HAL_Driver/Src/stm32g0xx_hal_rcc.c.obj
LOAD CMakeFiles/AIPS.dir/Drivers/STM32G0xx_HAL_Driver/Src/stm32g0xx_hal_rcc_ex.c.obj
LOAD CMakeFiles/AIPS.dir/Drivers/STM32G0xx_HAL_Driver/Src/stm32g0xx_ll_rcc.c.obj
LOAD CMakeFiles/AIPS.dir/Drivers/STM32G0xx_HAL_Driver/Src/stm32g0xx_hal_flash.c.obj
LOAD CMakeFiles/AIPS.dir/Drivers/STM32G0xx_HAL_Driver/Src/stm32g0xx_hal_flash_ex.c.obj
LOAD CMakeFiles/AIPS.dir/Drivers/STM32G0xx_HAL_Driver/Src/stm32g0xx_hal_gpio.c.obj
LOAD CMakeFiles/AIPS.dir/Drivers/STM32G0xx_HAL_Driver/Src/stm32g0xx_hal_dma.c.obj
LOAD CMakeFiles/AIPS.dir/Drivers/STM32G0xx_HAL_Driver/Src/stm32g0xx_hal_dma_ex.c.obj
LOAD CMakeFiles/AIPS.dir/Drivers/STM32G0xx_HAL_Driver/Src/stm32g0xx_hal_pwr.c.obj
LOAD CMakeFiles/AIPS.dir/Drivers/STM32G0xx_HAL_Driver/Src/stm32g0xx_hal_pwr_ex.c.obj
LOAD CMakeFiles/AIPS.dir/Drivers/STM32G0xx_HAL_Driver/Src/stm32g0xx_hal_cortex.c.obj
LOAD CMakeFiles/AIPS.dir/Drivers/STM32G0xx_HAL_Driver/Src/stm32g0xx_hal.c.obj
LOAD CMakeFiles/AIPS.dir/Drivers/STM32G0xx_HAL_Driver/Src/stm32g0xx_hal_exti.c.obj
LOAD CMakeFiles/AIPS.dir/Drivers/STM32G0xx_HAL_Driver/Src/stm32g0xx_hal_tim.c.obj
LOAD CMakeFiles/AIPS.dir/Drivers/STM32G0xx_HAL_Driver/Src/stm32g0xx_hal_tim_ex.c.obj
LOAD CMakeFiles/AIPS.dir/Core/Src/system_stm32g0xx.c.obj
LOAD CMakeFiles/AIPS.dir/Core/Src/sysmem.c.obj
LOAD CMakeFiles/AIPS.dir/Core/Src/syscalls.c.obj
LOAD CMakeFiles/AIPS.dir/startup_stm32g031xx.s.obj
START GROUP
LOAD /usr/lib/gcc/arm-none-eabi/13.2.1/thumb/v6-m/nofp/libgcc.a
LOAD /usr/lib/gcc/arm-none-eabi/13.2.1/../../../arm-none-eabi/lib/thumb/v6-m/nofp/libg_nano.a
LOAD /usr/lib/gcc/arm-none-eabi/13.2.1/../../../arm-none-eabi/lib/thumb/v6-m/nofp/libc_nano.a
END GROUP
START GROUP
LOAD /usr/lib/gcc/arm-none-eabi/13.2.1/thumb/v6-m/nofp/libgcc.a
LOAD /usr/lib/gcc/arm-none-eabi/13.2.1/../../../arm-none-eabi/lib/thumb/v6-m/nofp/libc_nano.a
END GROUP
LOAD /usr/lib/gcc/arm-none-eabi/13.2.1/thumb/v6-m/nofp/crtend.o
LOAD /usr/lib/gcc/arm-none-eabi/13.2.1/thumb/v6-m/nofp/crtn.o
                0x20002000                        _estack = (ORIGIN (RAM) + LENGTH (RAM))
                0x00000200                        _Min_Heap_Size = 0x200
                0x00000400                        _Min_Stack_Size = 0x400

.isr_vector     0x08000000       0xbc
                0x08000000                        . = ALIGN (0x4)
 *(.isr_vector)
 .isr_vector    0x08000000       0xbc CMakeFiles/AIPS.dir/startup_stm32g031xx.s.obj
                0x08000000                g_pfnVectors
                0x080000bc                        . = ALIGN (0x4)

.text           0x080000bc     0x3588
                0x080000bc                        . = ALIGN (0x4)
 *(.text)
 .text          0x080000bc       0x98 /usr/lib/gcc/arm-none-eabi/13.2.1/thumb/v6-m/nofp/crtbegin.o
 .text          0x08000154       0x48 /usr/lib/gcc/arm-none-eabi/13.2.1/../../../arm-none-eabi/lib/thumb/v6-m/nofp/libc_nano.a(libc_a-init.o)
                0x08000154                __libc_init_array
 .text          0x0800019c       0xa8 /usr/lib/gcc/arm-none-eabi/13.2.1/../../../arm-none-eabi/lib/thumb/v6-m/nofp/libc_nano.a(libc_a-memset.o)
                0x0800019c                memset
 .text          0x08000244      0x114 /usr/lib/gcc/arm-none-eabi/13.2.1/thumb/v6-m/nofp/libgcc.a(_udivsi3.o)
                0x08000244                __udivsi3
                0x08000244                __aeabi_uidiv
                0x08000350                __aeabi_uidivmod
 .text          0x08000358        0x4 /usr/lib/gcc/arm-none-eabi/13.2.1/thumb/v6-m/nofp/libgcc.a(_dvmd_tls.o)
                0x08000358                __aeabi_ldiv0
                0x08000358                __aeabi_idiv0
 *(.text*)
 .text.main     0x0800035c       0x88 CMakeFiles/AIPS.dir/Core/Src/main.c.obj
                0x0800035c                main
 .text.SystemClock_Config
                0x080003e4       0x90 CMakeFiles/AIPS.dir/Core/Src/main.c.obj
                0x080003e4                SystemClock_Config
 .text.MX_ADC1_Init
                0x08000474       0xd8 CMakeFiles/AIPS.dir/Core/Src/main.c.obj
 .text.MX_TIM1_Init
                0x0800054c      0x194 CMakeFiles/AIPS.dir/Core/Src/main.c.obj
 .text.MX_GPIO_Init
                0x080006e0       0x88 CMakeFiles/AIPS.dir/Core/Src/main.c.obj
 .text.Error_Handler
                0x08000768        0xc CMakeFiles/AIPS.dir/Core/Src/main.c.obj
                0x08000768                Error_Handler
 .text.NMI_Handler
                0x08000774        0x8 CMakeFiles/AIPS.dir/Core/Src/stm32g0xx_it.c.obj
                0x08000774                NMI_Handler
 .text.HardFault_Handler
                0x0800077c        0x8 CMakeFiles/AIPS.dir/Core/Src/stm32g0xx_it.c.obj
                0x0800077c                HardFault_Handler
 .text.SVC_Handler
                0x08000784        0xa CMakeFiles/AIPS.dir/Core/Src/stm32g0xx_it.c.obj
                0x08000784                SVC_Handler
 .text.PendSV_Handler
                0x0800078e        0xa CMakeFiles/AIPS.dir/Core/Src/stm32g0xx_it.c.obj
                0x0800078e                PendSV_Handler
 .text.SysTick_Handler
                0x08000798        0xe CMakeFiles/AIPS.dir/Core/Src/stm32g0xx_it.c.obj
                0x08000798                SysTick_Handler
 *fill*         0x080007a6        0x2 
 .text.HAL_MspInit
                0x080007a8       0x48 CMakeFiles/AIPS.dir/Core/Src/stm32g0xx_hal_msp.c.obj
                0x080007a8                HAL_MspInit
 .text.HAL_ADC_MspInit
                0x080007f0       0x88 CMakeFiles/AIPS.dir/Core/Src/stm32g0xx_hal_msp.c.obj
                0x080007f0                HAL_ADC_MspInit
 .text.HAL_TIM_Base_MspInit
                0x08000878       0x6c CMakeFiles/AIPS.dir/Core/Src/stm32g0xx_hal_msp.c.obj
                0x08000878                HAL_TIM_Base_MspInit
 .text.HAL_TIM_MspPostInit
                0x080008e4       0x7c CMakeFiles/AIPS.dir/Core/Src/stm32g0xx_hal_msp.c.obj
                0x080008e4                HAL_TIM_MspPostInit
 .text.LL_ADC_SetCommonPathInternalCh
                0x08000960       0x28 CMakeFiles/AIPS.dir/Drivers/STM32G0xx_HAL_Driver/Src/stm32g0xx_hal_adc.c.obj
 .text.LL_ADC_GetCommonPathInternalCh
                0x08000988       0x1a CMakeFiles/AIPS.dir/Drivers/STM32G0xx_HAL_Driver/Src/stm32g0xx_hal_adc.c.obj
 .text.LL_ADC_SetSamplingTimeCommonChannels
                0x080009a2       0x3a CMakeFiles/AIPS.dir/Drivers/STM32G0xx_HAL_Driver/Src/stm32g0xx_hal_adc.c.obj
 .text.LL_ADC_GetSamplingTimeCommonChannels
                0x080009dc       0x2e CMakeFiles/AIPS.dir/Drivers/STM32G0xx_HAL_Driver/Src/stm32g0xx_hal_adc.c.obj
 .text.LL_ADC_REG_SetSequencerRanks
                0x08000a0a       0x40 CMakeFiles/AIPS.dir/Drivers/STM32G0xx_HAL_Driver/Src/stm32g0xx_hal_adc.c.obj
 .text.LL_ADC_REG_SetSequencerChAdd
                0x08000a4a       0x22 CMakeFiles/AIPS.dir/Drivers/STM32G0xx_HAL_Driver/Src/stm32g0xx_hal_adc.c.obj
 .text.LL_ADC_REG_SetSequencerChRem
                0x08000a6c       0x24 CMakeFiles/AIPS.dir/Drivers/STM32G0xx_HAL_Driver/Src/stm32g0xx_hal_adc.c.obj
 .text.LL_ADC_SetChannelSamplingTime
                0x08000a90       0x38 CMakeFiles/AIPS.dir/Drivers/STM32G0xx_HAL_Driver/Src/stm32g0xx_hal_adc.c.obj
 .text.LL_ADC_EnableInternalRegulator
                0x08000ac8       0x28 CMakeFiles/AIPS.dir/Drivers/STM32G0xx_HAL_Driver/Src/stm32g0xx_hal_adc.c.obj
 .text.LL_ADC_IsInternalRegulatorEnabled
                0x08000af0       0x28 CMakeFiles/AIPS.dir/Drivers/STM32G0xx_HAL_Driver/Src/stm32g0xx_hal_adc.c.obj
 .text.LL_ADC_IsEnabled
                0x08000b18       0x22 CMakeFiles/AIPS.dir/Drivers/STM32G0xx_HAL_Driver/Src/stm32g0xx_hal_adc.c.obj
 .text.LL_ADC_REG_IsConversionOngoing
                0x08000b3a       0x22 CMakeFiles/AIPS.dir/Drivers/STM32G0xx_HAL_Driver/Src/stm32g0xx_hal_adc.c.obj
 .text.HAL_ADC_Init
                0x08000b5c      0x350 CMakeFiles/AIPS.dir/Drivers/STM32G0xx_HAL_Driver/Src/stm32g0xx_hal_adc.c.obj
                0x08000b5c                HAL_ADC_Init
 .text.HAL_ADC_ConfigChannel
                0x08000eac      0x3b0 CMakeFiles/AIPS.dir/Drivers/STM32G0xx_HAL_Driver/Src/stm32g0xx_hal_adc.c.obj
                0x08000eac                HAL_ADC_ConfigChannel
 .text.HAL_RCC_OscConfig
                0x0800125c      0x634 CMakeFiles/AIPS.dir/Drivers/STM32G0xx_HAL_Driver/Src/stm32g0xx_hal_rcc.c.obj
                0x0800125c                HAL_RCC_OscConfig
 .text.HAL_RCC_ClockConfig
                0x08001890      0x210 CMakeFiles/AIPS.dir/Drivers/STM32G0xx_HAL_Driver/Src/stm32g0xx_hal_rcc.c.obj
                0x08001890                HAL_RCC_ClockConfig
 .text.HAL_RCC_GetSysClockFreq
                0x08001aa0      0x104 CMakeFiles/AIPS.dir/Drivers/STM32G0xx_HAL_Driver/Src/stm32g0xx_hal_rcc.c.obj
                0x08001aa0                HAL_RCC_GetSysClockFreq
 .text.HAL_RCCEx_PeriphCLKConfig
                0x08001ba4      0x2f4 CMakeFiles/AIPS.dir/Drivers/STM32G0xx_HAL_Driver/Src/stm32g0xx_hal_rcc_ex.c.obj
                0x08001ba4                HAL_RCCEx_PeriphCLKConfig
 .text.HAL_GPIO_Init
                0x08001e98      0x2c8 CMakeFiles/AIPS.dir/Drivers/STM32G0xx_HAL_Driver/Src/stm32g0xx_hal_gpio.c.obj
                0x08001e98                HAL_GPIO_Init
 .text.HAL_GPIO_WritePin
                0x08002160       0x3a CMakeFiles/AIPS.dir/Drivers/STM32G0xx_HAL_Driver/Src/stm32g0xx_hal_gpio.c.obj
                0x08002160                HAL_GPIO_WritePin
 *fill*         0x0800219a        0x2 
 .text.HAL_PWREx_ControlVoltageScaling
                0x0800219c       0x80 CMakeFiles/AIPS.dir/Drivers/STM32G0xx_HAL_Driver/Src/stm32g0xx_hal_pwr_ex.c.obj
                0x0800219c                HAL_PWREx_ControlVoltageScaling
 .text.__NVIC_SetPriority
                0x0800221c       0xdc CMakeFiles/AIPS.dir/Drivers/STM32G0xx_HAL_Driver/Src/stm32g0xx_hal_cortex.c.obj
 .text.SysTick_Config
                0x080022f8       0x48 CMakeFiles/AIPS.dir/Drivers/STM32G0xx_HAL_Driver/Src/stm32g0xx_hal_cortex.c.obj
 .text.HAL_NVIC_SetPriority
                0x08002340       0x2a CMakeFiles/AIPS.dir/Drivers/STM32G0xx_HAL_Driver/Src/stm32g0xx_hal_cortex.c.obj
                0x08002340                HAL_NVIC_SetPriority
 .text.HAL_SYSTICK_Config
                0x0800236a       0x1a CMakeFiles/AIPS.dir/Drivers/STM32G0xx_HAL_Driver/Src/stm32g0xx_hal_cortex.c.obj
                0x0800236a                HAL_SYSTICK_Config
 .text.HAL_Init
                0x08002384       0x40 CMakeFiles/AIPS.dir/Drivers/STM32G0xx_HAL_Driver/Src/stm32g0xx_hal.c.obj
                0x08002384                HAL_Init
 .text.HAL_InitTick
                0x080023c4       0x94 CMakeFiles/AIPS.dir/Drivers/STM32G0xx_HAL_Driver/Src/stm32g0xx_hal.c.obj
                0x080023c4                HAL_InitTick
 .text.HAL_IncTick
                0x08002458       0x24 CMakeFiles/AIPS.dir/Drivers/STM32G0xx_HAL_Driver/Src/stm32g0xx_hal.c.obj
                0x08002458                HAL_IncTick
 .text.HAL_GetTick
                0x0800247c       0x14 CMakeFiles/AIPS.dir/Drivers/STM32G0xx_HAL_Driver/Src/stm32g0xx_hal.c.obj
                0x0800247c                HAL_GetTick
 .text.HAL_Delay
                0x08002490       0x48 CMakeFiles/AIPS.dir/Drivers/STM32G0xx_HAL_Driver/Src/stm32g0xx_hal.c.obj
                0x08002490                HAL_Delay
 .text.HAL_TIM_Base_Init
                0x080024d8       0xb0 CMakeFiles/AIPS.dir/Drivers/STM32G0xx_HAL_Driver/Src/stm32g0xx_hal_tim.c.obj
                0x080024d8                HAL_TIM_Base_Init
 .text.HAL_TIM_PWM_Init
                0x08002588       0xb0 CMakeFiles/AIPS.dir/Drivers/STM32G0xx_HAL_Driver/Src/stm32g0xx_hal_tim.c.obj
                0x08002588                HAL_TIM_PWM_Init
 .text.HAL_TIM_PWM_MspInit
                0x08002638       0x10 CMakeFiles/AIPS.dir/Drivers/STM32G0xx_HAL_Driver/Src/stm32g0xx_hal_tim.c.obj
                0x08002638                HAL_TIM_PWM_MspInit
 .text.HAL_TIM_PWM_Start
                0x08002648      0x1bc CMakeFiles/AIPS.dir/Drivers/STM32G0xx_HAL_Driver/Src/stm32g0xx_hal_tim.c.obj
                0x08002648                HAL_TIM_PWM_Start
 .text.HAL_TIM_PWM_ConfigChannel
                0x08002804      0x200 CMakeFiles/AIPS.dir/Drivers/STM32G0xx_HAL_Driver/Src/stm32g0xx_hal_tim.c.obj
                0x08002804                HAL_TIM_PWM_ConfigChannel
 .text.HAL_TIM_ConfigClockSource
                0x08002a04      0x1ac CMakeFiles/AIPS.dir/Drivers/STM32G0xx_HAL_Driver/Src/stm32g0xx_hal_tim.c.obj
                0x08002a04                HAL_TIM_ConfigClockSource
 .text.TIM_Base_SetConfig
                0x08002bb0      0x100 CMakeFiles/AIPS.dir/Drivers/STM32G0xx_HAL_Driver/Src/stm32g0xx_hal_tim.c.obj
                0x08002bb0                TIM_Base_SetConfig
 .text.TIM_OC1_SetConfig
                0x08002cb0      0x104 CMakeFiles/AIPS.dir/Drivers/STM32G0xx_HAL_Driver/Src/stm32g0xx_hal_tim.c.obj
 .text.TIM_OC2_SetConfig
                0x08002db4      0x104 CMakeFiles/AIPS.dir/Drivers/STM32G0xx_HAL_Driver/Src/stm32g0xx_hal_tim.c.obj
                0x08002db4                TIM_OC2_SetConfig
 .text.TIM_OC3_SetConfig
                0x08002eb8      0x108 CMakeFiles/AIPS.dir/Drivers/STM32G0xx_HAL_Driver/Src/stm32g0xx_hal_tim.c.obj
 .text.TIM_OC4_SetConfig
                0x08002fc0       0xc8 CMakeFiles/AIPS.dir/Drivers/STM32G0xx_HAL_Driver/Src/stm32g0xx_hal_tim.c.obj
 .text.TIM_OC5_SetConfig
                0x08003088       0xb4 CMakeFiles/AIPS.dir/Drivers/STM32G0xx_HAL_Driver/Src/stm32g0xx_hal_tim.c.obj
 .text.TIM_OC6_SetConfig
                0x0800313c       0xbc CMakeFiles/AIPS.dir/Drivers/STM32G0xx_HAL_Driver/Src/stm32g0xx_hal_tim.c.obj
 .text.TIM_TI1_ConfigInputStage
                0x080031f8       0x90 CMakeFiles/AIPS.dir/Drivers/STM32G0xx_HAL_Driver/Src/stm32g0xx_hal_tim.c.obj
 .text.TIM_TI2_ConfigInputStage
                0x08003288       0x7c CMakeFiles/AIPS.dir/Drivers/STM32G0xx_HAL_Driver/Src/stm32g0xx_hal_tim.c.obj
 .text.TIM_ITRx_SetConfig
                0x08003304       0x38 CMakeFiles/AIPS.dir/Drivers/STM32G0xx_HAL_Driver/Src/stm32g0xx_hal_tim.c.obj
 .text.TIM_ETR_SetConfig
                0x0800333c       0x40 CMakeFiles/AIPS.dir/Drivers/STM32G0xx_HAL_Driver/Src/stm32g0xx_hal_tim.c.obj
                0x0800333c                TIM_ETR_SetConfig
 .text.TIM_CCxChannelCmd
                0x0800337c       0x46 CMakeFiles/AIPS.dir/Drivers/STM32G0xx_HAL_Driver/Src/stm32g0xx_hal_tim.c.obj
                0x0800337c                TIM_CCxChannelCmd
 *fill*         0x080033c2        0x2 
 .text.HAL_TIMEx_MasterConfigSynchronization
                0x080033c4       0xd0 CMakeFiles/AIPS.dir/Drivers/STM32G0xx_HAL_Driver/Src/stm32g0xx_hal_tim_ex.c.obj
                0x080033c4                HAL_TIMEx_MasterConfigSynchronization
 .text.HAL_TIMEx_ConfigBreakDeadTime
                0x08003494      0x138 CMakeFiles/AIPS.dir/Drivers/STM32G0xx_HAL_Driver/Src/stm32g0xx_hal_tim_ex.c.obj
                0x08003494                HAL_TIMEx_ConfigBreakDeadTime
 .text.SystemInit
                0x080035cc        0xa CMakeFiles/AIPS.dir/Core/Src/system_stm32g0xx.c.obj
                0x080035cc                SystemInit
 *fill*         0x080035d6        0x2 
 .text.Reset_Handler
                0x080035d8       0x50 CMakeFiles/AIPS.dir/startup_stm32g031xx.s.obj
                0x080035d8                Reset_Handler
 .text.Default_Handler
                0x08003628        0x2 CMakeFiles/AIPS.dir/startup_stm32g031xx.s.obj
                0x08003628                TIM1_CC_IRQHandler
                0x08003628                PVD_IRQHandler
                0x08003628                I2C1_IRQHandler
                0x08003628                LPTIM2_IRQHandler
                0x08003628                RTC_TAMP_IRQHandler
                0x08003628                SPI1_IRQHandler
                0x08003628                DMA1_Ch4_5_DMAMUX1_OVR_IRQHandler
                0x08003628                EXTI2_3_IRQHandler
                0x08003628                ADC1_IRQHandler
                0x08003628                I2C2_IRQHandler
                0x08003628                TIM17_IRQHandler
                0x08003628                TIM16_IRQHandler
                0x08003628                TIM3_IRQHandler
                0x08003628                EXTI4_15_IRQHandler
                0x08003628                RCC_IRQHandler
                0x08003628                DMA1_Channel1_IRQHandler
                0x08003628                Default_Handler
                0x08003628                TIM14_IRQHandler
                0x08003628                EXTI0_1_IRQHandler
                0x08003628                SPI2_IRQHandler
                0x08003628                WWDG_IRQHandler
                0x08003628                LPUART1_IRQHandler
                0x08003628                TIM2_IRQHandler
                0x08003628                DMA1_Channel2_3_IRQHandler
                0x08003628                USART2_IRQHandler
                0x08003628                FLASH_IRQHandler
                0x08003628                USART1_IRQHandler
                0x08003628                TIM1_BRK_UP_TRG_COM_IRQHandler
                0x08003628                LPTIM1_IRQHandler
 *(.glue_7)
 .glue_7        0x0800362a        0x0 linker stubs
 *(.glue_7t)
 .glue_7t       0x0800362a        0x0 linker stubs
 *(.eh_frame)
 *fill*         0x0800362a        0x2 
 .eh_frame      0x0800362c        0x0 /usr/lib/gcc/arm-none-eabi/13.2.1/thumb/v6-m/nofp/crtbegin.o
 *(.init)
 .init          0x0800362c        0x4 /usr/lib/gcc/arm-none-eabi/13.2.1/thumb/v6-m/nofp/crti.o
                0x0800362c                _init
 .init          0x08003630        0x8 /usr/lib/gcc/arm-none-eabi/13.2.1/thumb/v6-m/nofp/crtn.o
 *(.fini)
 .fini          0x08003638        0x4 /usr/lib/gcc/arm-none-eabi/13.2.1/thumb/v6-m/nofp/crti.o
                0x08003638                _fini
 .fini          0x0800363c        0x8 /usr/lib/gcc/arm-none-eabi/13.2.1/thumb/v6-m/nofp/crtn.o
                0x08003644                        . = ALIGN (0x4)
                0x08003644                        _etext = .

.vfp11_veneer   0x08003644        0x0
 .vfp11_veneer  0x08003644        0x0 linker stubs

.v4_bx          0x08003644        0x0
 .v4_bx         0x08003644        0x0 linker stubs

.iplt           0x08003644        0x0
 .iplt          0x08003644        0x0 /usr/lib/gcc/arm-none-eabi/13.2.1/thumb/v6-m/nofp/crtbegin.o

.rodata         0x08003644       0x94
                0x08003644                        . = ALIGN (0x4)
 *(.rodata)
 *(.rodata*)
 .rodata.HAL_TIM_PWM_ConfigChannel
                0x08003644       0x54 CMakeFiles/AIPS.dir/Drivers/STM32G0xx_HAL_Driver/Src/stm32g0xx_hal_tim.c.obj
 .rodata.AHBPrescTable
                0x08003698       0x40 CMakeFiles/AIPS.dir/Core/Src/system_stm32g0xx.c.obj
                0x08003698                AHBPrescTable
                0x080036d8                        . = ALIGN (0x4)

.rel.dyn        0x080036d8        0x0
 .rel.iplt      0x080036d8        0x0 /usr/lib/gcc/arm-none-eabi/13.2.1/thumb/v6-m/nofp/crtbegin.o

.ARM.extab
 *(.ARM.extab* .gnu.linkonce.armextab.*)

.ARM            0x080036d8        0x0
                0x080036d8                        __exidx_start = .
 *(.ARM.exidx*)
                0x080036d8                        __exidx_end = .

.preinit_array  0x080036d8        0x0
                0x080036d8                        PROVIDE (__preinit_array_start = .)
 *(.preinit_array*)
                0x080036d8                        PROVIDE (__preinit_array_end = .)

.init_array     0x080036d8        0x4
                0x080036d8                        PROVIDE (__init_array_start = .)
 *(SORT_BY_NAME(.init_array.*))
 *(.init_array*)
 .init_array    0x080036d8        0x4 /usr/lib/gcc/arm-none-eabi/13.2.1/thumb/v6-m/nofp/crtbegin.o
                0x080036dc                        PROVIDE (__init_array_end = .)

.fini_array     0x080036dc        0x4
                0x080036dc                        PROVIDE (__fini_array_start = .)
 *(SORT_BY_NAME(.fini_array.*))
 *(.fini_array*)
 .fini_array    0x080036dc        0x4 /usr/lib/gcc/arm-none-eabi/13.2.1/thumb/v6-m/nofp/crtbegin.o
                0x080036e0                        PROVIDE (__fini_array_end = .)
                0x080036e0                        _sidata = LOADADDR (.data)

.data           0x20000000        0xc load address 0x080036e0
                0x20000000                        . = ALIGN (0x4)
                0x20000000                        _sdata = .
 *(.data)
 *(.data*)
 .data.uwTickPrio
                0x20000000        0x4 CMakeFiles/AIPS.dir/Drivers/STM32G0xx_HAL_Driver/Src/stm32g0xx_hal.c.obj
                0x20000000                uwTickPrio
 .data.uwTickFreq
                0x20000004        0x1 CMakeFiles/AIPS.dir/Drivers/STM32G0xx_HAL_Driver/Src/stm32g0xx_hal.c.obj
                0x20000004                uwTickFreq
 *fill*         0x20000005        0x3 
 .data.SystemCoreClock
                0x20000008        0x4 CMakeFiles/AIPS.dir/Core/Src/system_stm32g0xx.c.obj
                0x20000008                SystemCoreClock
                0x2000000c                        . = ALIGN (0x4)
                0x2000000c                        _edata = .

.tm_clone_table
                0x2000000c        0x0 load address 0x080036ec
 .tm_clone_table
                0x2000000c        0x0 /usr/lib/gcc/arm-none-eabi/13.2.1/thumb/v6-m/nofp/crtbegin.o
 .tm_clone_table
                0x2000000c        0x0 /usr/lib/gcc/arm-none-eabi/13.2.1/thumb/v6-m/nofp/crtend.o

.igot.plt       0x2000000c        0x0 load address 0x080036ec
 .igot.plt      0x2000000c        0x0 /usr/lib/gcc/arm-none-eabi/13.2.1/thumb/v6-m/nofp/crtbegin.o
                0x2000000c                        . = ALIGN (0x4)

.bss            0x2000000c       0xd0 load address 0x080036ec
                0x2000000c                        _sbss = .
                0x2000000c                        __bss_start__ = _sbss
 *(.bss)
 .bss           0x2000000c       0x1c /usr/lib/gcc/arm-none-eabi/13.2.1/thumb/v6-m/nofp/crtbegin.o
 *(.bss*)
 .bss.hadc1     0x20000028       0x64 CMakeFiles/AIPS.dir/Core/Src/main.c.obj
                0x20000028                hadc1
 .bss.htim1     0x2000008c       0x4c CMakeFiles/AIPS.dir/Core/Src/main.c.obj
                0x2000008c                htim1
 .bss.uwTick    0x200000d8        0x4 CMakeFiles/AIPS.dir/Drivers/STM32G0xx_HAL_Driver/Src/stm32g0xx_hal.c.obj
                0x200000d8                uwTick
 *(COMMON)
                0x200000dc                        . = ALIGN (0x4)
                0x200000dc                        _ebss = .
                0x200000dc                        __bss_end__ = _ebss

._user_heap_stack
                0x200000dc      0x604 load address 0x080036ec
                0x200000e0                        . = ALIGN (0x8)
 *fill*         0x200000dc        0x4 
                [!provide]                        PROVIDE (end = .)
                0x200000e0                        PROVIDE (_end = .)
                0x200002e0                        . = (. + _Min_Heap_Size)
 *fill*         0x200000e0      0x200 
                0x200006e0                        . = (. + _Min_Stack_Size)
 *fill*         0x200002e0      0x400 
                0x200006e0                        . = ALIGN (0x8)

/DISCARD/
 libc.a(*)
 libm.a(*)
 libgcc.a(*)
OUTPUT(AIPS.elf elf32-littlearm)
LOAD linker stubs
LOAD /usr/lib/gcc/arm-none-eabi/13.2.1/../../../arm-none-eabi/lib/thumb/v6-m/nofp/libc.a
LOAD /usr/lib/gcc/arm-none-eabi/13.2.1/../../../arm-none-eabi/lib/thumb/v6-m/nofp/libm.a
LOAD /usr/lib/gcc/arm-none-eabi/13.2.1/thumb/v6-m/nofp/libgcc.a

.ARM.attributes
                0x00000000       0x28
 .ARM.attributes
                0x00000000       0x1e /usr/lib/gcc/arm-none-eabi/13.2.1/thumb/v6-m/nofp/crti.o
 .ARM.attributes
                0x0000001e       0x2c /usr/lib/gcc/arm-none-eabi/13.2.1/thumb/v6-m/nofp/crtbegin.o
 .ARM.attributes
                0x0000004a       0x2c /usr/lib/gcc/arm-none-eabi/13.2.1/../../../arm-none-eabi/lib/thumb/v6-m/nofp/libc_nano.a(libc_a-init.o)
 .ARM.attributes
                0x00000076       0x2c /usr/lib/gcc/arm-none-eabi/13.2.1/../../../arm-none-eabi/lib/thumb/v6-m/nofp/libc_nano.a(libc_a-memset.o)
 .ARM.attributes
                0x000000a2       0x2c CMakeFiles/AIPS.dir/Core/Src/main.c.obj
 .ARM.attributes
                0x000000ce       0x2c CMakeFiles/AIPS.dir/Core/Src/stm32g0xx_it.c.obj
 .ARM.attributes
                0x000000fa       0x2c CMakeFiles/AIPS.dir/Core/Src/stm32g0xx_hal_msp.c.obj
 .ARM.attributes
                0x00000126       0x2c CMakeFiles/AIPS.dir/Drivers/STM32G0xx_HAL_Driver/Src/stm32g0xx_hal_adc.c.obj
 .ARM.attributes
                0x00000152       0x2c CMakeFiles/AIPS.dir/Drivers/STM32G0xx_HAL_Driver/Src/stm32g0xx_hal_rcc.c.obj
 .ARM.attributes
                0x0000017e       0x2c CMakeFiles/AIPS.dir/Drivers/STM32G0xx_HAL_Driver/Src/stm32g0xx_hal_rcc_ex.c.obj
 .ARM.attributes
                0x000001aa       0x2c CMakeFiles/AIPS.dir/Drivers/STM32G0xx_HAL_Driver/Src/stm32g0xx_hal_gpio.c.obj
 .ARM.attributes
                0x000001d6       0x2c CMakeFiles/AIPS.dir/Drivers/STM32G0xx_HAL_Driver/Src/stm32g0xx_hal_pwr_ex.c.obj
 .ARM.attributes
                0x00000202       0x2c CMakeFiles/AIPS.dir/Drivers/STM32G0xx_HAL_Driver/Src/stm32g0xx_hal_cortex.c.obj
 .ARM.attributes
                0x0000022e       0x2c CMakeFiles/AIPS.dir/Drivers/STM32G0xx_HAL_Driver/Src/stm32g0xx_hal.c.obj
 .ARM.attributes
                0x0000025a       0x2c CMakeFiles/AIPS.dir/Drivers/STM32G0xx_HAL_Driver/Src/stm32g0xx_hal_tim.c.obj
 .ARM.attributes
                0x00000286       0x2c CMakeFiles/AIPS.dir/Drivers/STM32G0xx_HAL_Driver/Src/stm32g0xx_hal_tim_ex.c.obj
 .ARM.attributes
                0x000002b2       0x2c CMakeFiles/AIPS.dir/Core/Src/system_stm32g0xx.c.obj
 .ARM.attributes
                0x000002de       0x22 CMakeFiles/AIPS.dir/startup_stm32g031xx.s.obj
 .ARM.attributes
                0x00000300       0x1e /usr/lib/gcc/arm-none-eabi/13.2.1/thumb/v6-m/nofp/libgcc.a(_udivsi3.o)
 .ARM.attributes
                0x0000031e       0x1e /usr/lib/gcc/arm-none-eabi/13.2.1/thumb/v6-m/nofp/libgcc.a(_dvmd_tls.o)
 .ARM.attributes
                0x0000033c       0x2c /usr/lib/gcc/arm-none-eabi/13.2.1/thumb/v6-m/nofp/crtend.o
 .ARM.attributes
                0x00000368       0x1e /usr/lib/gcc/arm-none-eabi/13.2.1/thumb/v6-m/nofp/crtn.o

.comment        0x00000000       0x26
 .comment       0x00000000       0x26 /usr/lib/gcc/arm-none-eabi/13.2.1/thumb/v6-m/nofp/crtbegin.o
                                 0x27 (size before relaxing)
 .comment       0x00000026       0x27 /usr/lib/gcc/arm-none-eabi/13.2.1/../../../arm-none-eabi/lib/thumb/v6-m/nofp/libc_nano.a(libc_a-init.o)
 .comment       0x00000026       0x27 /usr/lib/gcc/arm-none-eabi/13.2.1/../../../arm-none-eabi/lib/thumb/v6-m/nofp/libc_nano.a(libc_a-memset.o)
 .comment       0x00000026       0x27 CMakeFiles/AIPS.dir/Core/Src/main.c.obj
 .comment       0x00000026       0x27 CMakeFiles/AIPS.dir/Core/Src/stm32g0xx_it.c.obj
 .comment       0x00000026       0x27 CMakeFiles/AIPS.dir/Core/Src/stm32g0xx_hal_msp.c.obj
 .comment       0x00000026       0x27 CMakeFiles/AIPS.dir/Drivers/STM32G0xx_HAL_Driver/Src/stm32g0xx_hal_adc.c.obj
 .comment       0x00000026       0x27 CMakeFiles/AIPS.dir/Drivers/STM32G0xx_HAL_Driver/Src/stm32g0xx_hal_rcc.c.obj
 .comment       0x00000026       0x27 CMakeFiles/AIPS.dir/Drivers/STM32G0xx_HAL_Driver/Src/stm32g0xx_hal_rcc_ex.c.obj
 .comment       0x00000026       0x27 CMakeFiles/AIPS.dir/Drivers/STM32G0xx_HAL_Driver/Src/stm32g0xx_hal_gpio.c.obj
 .comment       0x00000026       0x27 CMakeFiles/AIPS.dir/Drivers/STM32G0xx_HAL_Driver/Src/stm32g0xx_hal_pwr_ex.c.obj
 .comment       0x00000026       0x27 CMakeFiles/AIPS.dir/Drivers/STM32G0xx_HAL_Driver/Src/stm32g0xx_hal_cortex.c.obj
 .comment       0x00000026       0x27 CMakeFiles/AIPS.dir/Drivers/STM32G0xx_HAL_Driver/Src/stm32g0xx_hal.c.obj
 .comment       0x00000026       0x27 CMakeFiles/AIPS.dir/Drivers/STM32G0xx_HAL_Driver/Src/stm32g0xx_hal_tim.c.obj
 .comment       0x00000026       0x27 CMakeFiles/AIPS.dir/Drivers/STM32G0xx_HAL_Driver/Src/stm32g0xx_hal_tim_ex.c.obj
 .comment       0x00000026       0x27 CMakeFiles/AIPS.dir/Core/Src/system_stm32g0xx.c.obj
 .comment       0x00000026       0x27 /usr/lib/gcc/arm-none-eabi/13.2.1/thumb/v6-m/nofp/crtend.o

.debug_info     0x00000000     0xb64f
 .debug_info    0x00000000      0x10b /usr/lib/gcc/arm-none-eabi/13.2.1/../../../arm-none-eabi/lib/thumb/v6-m/nofp/libc_nano.a(libc_a-init.o)
 .debug_info    0x0000010b      0x135 /usr/lib/gcc/arm-none-eabi/13.2.1/../../../arm-none-eabi/lib/thumb/v6-m/nofp/libc_nano.a(libc_a-memset.o)
 .debug_info    0x00000240     0x1431 CMakeFiles/AIPS.dir/Core/Src/main.c.obj
 .debug_info    0x00001671      0x10b CMakeFiles/AIPS.dir/Core/Src/stm32g0xx_it.c.obj
 .debug_info    0x0000177c      0xfa1 CMakeFiles/AIPS.dir/Core/Src/stm32g0xx_hal_msp.c.obj
 .debug_info    0x0000271d     0x1546 CMakeFiles/AIPS.dir/Drivers/STM32G0xx_HAL_Driver/Src/stm32g0xx_hal_adc.c.obj
 .debug_info    0x00003c63      0xb1c CMakeFiles/AIPS.dir/Drivers/STM32G0xx_HAL_Driver/Src/stm32g0xx_hal_rcc.c.obj
 .debug_info    0x0000477f      0x74a CMakeFiles/AIPS.dir/Drivers/STM32G0xx_HAL_Driver/Src/stm32g0xx_hal_rcc_ex.c.obj
 .debug_info    0x00004ec9      0x588 CMakeFiles/AIPS.dir/Drivers/STM32G0xx_HAL_Driver/Src/stm32g0xx_hal_gpio.c.obj
 .debug_info    0x00005451      0x76a CMakeFiles/AIPS.dir/Drivers/STM32G0xx_HAL_Driver/Src/stm32g0xx_hal_pwr_ex.c.obj
 .debug_info    0x00005bbb      0x8a3 CMakeFiles/AIPS.dir/Drivers/STM32G0xx_HAL_Driver/Src/stm32g0xx_hal_cortex.c.obj
 .debug_info    0x0000645e      0xa17 CMakeFiles/AIPS.dir/Drivers/STM32G0xx_HAL_Driver/Src/stm32g0xx_hal.c.obj
 .debug_info    0x00006e75     0x2ba0 CMakeFiles/AIPS.dir/Drivers/STM32G0xx_HAL_Driver/Src/stm32g0xx_hal_tim.c.obj
 .debug_info    0x00009a15     0x1894 CMakeFiles/AIPS.dir/Drivers/STM32G0xx_HAL_Driver/Src/stm32g0xx_hal_tim_ex.c.obj
 .debug_info    0x0000b2a9      0x2fc CMakeFiles/AIPS.dir/Core/Src/system_stm32g0xx.c.obj
 .debug_info    0x0000b5a5       0x30 CMakeFiles/AIPS.dir/startup_stm32g031xx.s.obj
 .debug_info    0x0000b5d5       0x3e /usr/lib/gcc/arm-none-eabi/13.2.1/thumb/v6-m/nofp/libgcc.a(_udivsi3.o)
 .debug_info    0x0000b613       0x3c /usr/lib/gcc/arm-none-eabi/13.2.1/thumb/v6-m/nofp/libgcc.a(_dvmd_tls.o)

.debug_abbrev   0x00000000     0x1e30
 .debug_abbrev  0x00000000       0xc9 /usr/lib/gcc/arm-none-eabi/13.2.1/../../../arm-none-eabi/lib/thumb/v6-m/nofp/libc_nano.a(libc_a-init.o)
 .debug_abbrev  0x000000c9       0xb7 /usr/lib/gcc/arm-none-eabi/13.2.1/../../../arm-none-eabi/lib/thumb/v6-m/nofp/libc_nano.a(libc_a-memset.o)
 .debug_abbrev  0x00000180      0x293 CMakeFiles/AIPS.dir/Core/Src/main.c.obj
 .debug_abbrev  0x00000413       0xac CMakeFiles/AIPS.dir/Core/Src/stm32g0xx_it.c.obj
 .debug_abbrev  0x000004bf      0x202 CMakeFiles/AIPS.dir/Core/Src/stm32g0xx_hal_msp.c.obj
 .debug_abbrev  0x000006c1      0x267 CMakeFiles/AIPS.dir/Drivers/STM32G0xx_HAL_Driver/Src/stm32g0xx_hal_adc.c.obj
 .debug_abbrev  0x00000928      0x2a9 CMakeFiles/AIPS.dir/Drivers/STM32G0xx_HAL_Driver/Src/stm32g0xx_hal_rcc.c.obj
 .debug_abbrev  0x00000bd1      0x22b CMakeFiles/AIPS.dir/Drivers/STM32G0xx_HAL_Driver/Src/stm32g0xx_hal_rcc_ex.c.obj
 .debug_abbrev  0x00000dfc      0x1c3 CMakeFiles/AIPS.dir/Drivers/STM32G0xx_HAL_Driver/Src/stm32g0xx_hal_gpio.c.obj
 .debug_abbrev  0x00000fbf      0x237 CMakeFiles/AIPS.dir/Drivers/STM32G0xx_HAL_Driver/Src/stm32g0xx_hal_pwr_ex.c.obj
 .debug_abbrev  0x000011f6      0x2ab CMakeFiles/AIPS.dir/Drivers/STM32G0xx_HAL_Driver/Src/stm32g0xx_hal_cortex.c.obj
 .debug_abbrev  0x000014a1      0x2b6 CMakeFiles/AIPS.dir/Drivers/STM32G0xx_HAL_Driver/Src/stm32g0xx_hal.c.obj
 .debug_abbrev  0x00001757      0x2a2 CMakeFiles/AIPS.dir/Drivers/STM32G0xx_HAL_Driver/Src/stm32g0xx_hal_tim.c.obj
 .debug_abbrev  0x000019f9      0x2ab CMakeFiles/AIPS.dir/Drivers/STM32G0xx_HAL_Driver/Src/stm32g0xx_hal_tim_ex.c.obj
 .debug_abbrev  0x00001ca4      0x11a CMakeFiles/AIPS.dir/Core/Src/system_stm32g0xx.c.obj
 .debug_abbrev  0x00001dbe       0x24 CMakeFiles/AIPS.dir/startup_stm32g031xx.s.obj
 .debug_abbrev  0x00001de2       0x28 /usr/lib/gcc/arm-none-eabi/13.2.1/thumb/v6-m/nofp/libgcc.a(_udivsi3.o)
 .debug_abbrev  0x00001e0a       0x26 /usr/lib/gcc/arm-none-eabi/13.2.1/thumb/v6-m/nofp/libgcc.a(_dvmd_tls.o)

.debug_loclists
                0x00000000      0x220
 .debug_loclists
                0x00000000       0x5a /usr/lib/gcc/arm-none-eabi/13.2.1/../../../arm-none-eabi/lib/thumb/v6-m/nofp/libc_nano.a(libc_a-init.o)
 .debug_loclists
                0x0000005a      0x1c6 /usr/lib/gcc/arm-none-eabi/13.2.1/../../../arm-none-eabi/lib/thumb/v6-m/nofp/libc_nano.a(libc_a-memset.o)

.debug_aranges  0x00000000      0xd48
 .debug_aranges
                0x00000000       0x20 /usr/lib/gcc/arm-none-eabi/13.2.1/../../../arm-none-eabi/lib/thumb/v6-m/nofp/libc_nano.a(libc_a-init.o)
 .debug_aranges
                0x00000020       0x20 /usr/lib/gcc/arm-none-eabi/13.2.1/../../../arm-none-eabi/lib/thumb/v6-m/nofp/libc_nano.a(libc_a-memset.o)
 .debug_aranges
                0x00000040       0x48 CMakeFiles/AIPS.dir/Core/Src/main.c.obj
 .debug_aranges
                0x00000088       0x40 CMakeFiles/AIPS.dir/Core/Src/stm32g0xx_it.c.obj
 .debug_aranges
                0x000000c8       0x48 CMakeFiles/AIPS.dir/Core/Src/stm32g0xx_hal_msp.c.obj
 .debug_aranges
                0x00000110      0x1f0 CMakeFiles/AIPS.dir/Drivers/STM32G0xx_HAL_Driver/Src/stm32g0xx_hal_adc.c.obj
 .debug_aranges
                0x00000300       0xa0 CMakeFiles/AIPS.dir/Drivers/STM32G0xx_HAL_Driver/Src/stm32g0xx_hal_rcc.c.obj
 .debug_aranges
                0x000003a0       0x40 CMakeFiles/AIPS.dir/Drivers/STM32G0xx_HAL_Driver/Src/stm32g0xx_hal_rcc_ex.c.obj
 .debug_aranges
                0x000003e0       0x60 CMakeFiles/AIPS.dir/Drivers/STM32G0xx_HAL_Driver/Src/stm32g0xx_hal_gpio.c.obj
 .debug_aranges
                0x00000440       0xf0 CMakeFiles/AIPS.dir/Drivers/STM32G0xx_HAL_Driver/Src/stm32g0xx_hal_pwr_ex.c.obj
 .debug_aranges
                0x00000530       0xe8 CMakeFiles/AIPS.dir/Drivers/STM32G0xx_HAL_Driver/Src/stm32g0xx_hal_cortex.c.obj
 .debug_aranges
                0x00000618      0x128 CMakeFiles/AIPS.dir/Drivers/STM32G0xx_HAL_Driver/Src/stm32g0xx_hal.c.obj
 .debug_aranges
                0x00000740      0x3e0 CMakeFiles/AIPS.dir/Drivers/STM32G0xx_HAL_Driver/Src/stm32g0xx_hal_tim.c.obj
 .debug_aranges
                0x00000b20      0x198 CMakeFiles/AIPS.dir/Drivers/STM32G0xx_HAL_Driver/Src/stm32g0xx_hal_tim_ex.c.obj
 .debug_aranges
                0x00000cb8       0x28 CMakeFiles/AIPS.dir/Core/Src/system_stm32g0xx.c.obj
 .debug_aranges
                0x00000ce0       0x28 CMakeFiles/AIPS.dir/startup_stm32g031xx.s.obj
 .debug_aranges
                0x00000d08       0x20 /usr/lib/gcc/arm-none-eabi/13.2.1/thumb/v6-m/nofp/libgcc.a(_udivsi3.o)
 .debug_aranges
                0x00000d28       0x20 /usr/lib/gcc/arm-none-eabi/13.2.1/thumb/v6-m/nofp/libgcc.a(_dvmd_tls.o)

.debug_line     0x00000000     0xc367
 .debug_line    0x00000000      0x105 /usr/lib/gcc/arm-none-eabi/13.2.1/../../../arm-none-eabi/lib/thumb/v6-m/nofp/libc_nano.a(libc_a-init.o)
 .debug_line    0x00000105      0x1bd /usr/lib/gcc/arm-none-eabi/13.2.1/../../../arm-none-eabi/lib/thumb/v6-m/nofp/libc_nano.a(libc_a-memset.o)
 .debug_line    0x000002c2      0x720 CMakeFiles/AIPS.dir/Core/Src/main.c.obj
 .debug_line    0x000009e2      0x58b CMakeFiles/AIPS.dir/Core/Src/stm32g0xx_it.c.obj
 .debug_line    0x00000f6d      0x5f5 CMakeFiles/AIPS.dir/Core/Src/stm32g0xx_hal_msp.c.obj
 .debug_line    0x00001562     0x171b CMakeFiles/AIPS.dir/Drivers/STM32G0xx_HAL_Driver/Src/stm32g0xx_hal_adc.c.obj
 .debug_line    0x00002c7d      0xdb8 CMakeFiles/AIPS.dir/Drivers/STM32G0xx_HAL_Driver/Src/stm32g0xx_hal_rcc.c.obj
 .debug_line    0x00003a35      0xa41 CMakeFiles/AIPS.dir/Drivers/STM32G0xx_HAL_Driver/Src/stm32g0xx_hal_rcc_ex.c.obj
 .debug_line    0x00004476      0x938 CMakeFiles/AIPS.dir/Drivers/STM32G0xx_HAL_Driver/Src/stm32g0xx_hal_gpio.c.obj
 .debug_line    0x00004dae      0x8c0 CMakeFiles/AIPS.dir/Drivers/STM32G0xx_HAL_Driver/Src/stm32g0xx_hal_pwr_ex.c.obj
 .debug_line    0x0000566e      0x97c CMakeFiles/AIPS.dir/Drivers/STM32G0xx_HAL_Driver/Src/stm32g0xx_hal_cortex.c.obj
 .debug_line    0x00005fea      0x8ff CMakeFiles/AIPS.dir/Drivers/STM32G0xx_HAL_Driver/Src/stm32g0xx_hal.c.obj
 .debug_line    0x000068e9     0x3a5e CMakeFiles/AIPS.dir/Drivers/STM32G0xx_HAL_Driver/Src/stm32g0xx_hal_tim.c.obj
 .debug_line    0x0000a347     0x1964 CMakeFiles/AIPS.dir/Drivers/STM32G0xx_HAL_Driver/Src/stm32g0xx_hal_tim_ex.c.obj
 .debug_line    0x0000bcab      0x5a1 CMakeFiles/AIPS.dir/Core/Src/system_stm32g0xx.c.obj
 .debug_line    0x0000c24c       0x7b CMakeFiles/AIPS.dir/startup_stm32g031xx.s.obj
 .debug_line    0x0000c2c7       0x56 /usr/lib/gcc/arm-none-eabi/13.2.1/thumb/v6-m/nofp/libgcc.a(_udivsi3.o)
 .debug_line    0x0000c31d       0x4a /usr/lib/gcc/arm-none-eabi/13.2.1/thumb/v6-m/nofp/libgcc.a(_dvmd_tls.o)

.debug_str      0x00000000    0x939d9
 .debug_str     0x00000000    0x939d9 /usr/lib/gcc/arm-none-eabi/13.2.1/../../../arm-none-eabi/lib/thumb/v6-m/nofp/libc_nano.a(libc_a-init.o)
                                0x1f3 (size before relaxing)
 .debug_str     0x000939d9      0x1a6 /usr/lib/gcc/arm-none-eabi/13.2.1/../../../arm-none-eabi/lib/thumb/v6-m/nofp/libc_nano.a(libc_a-memset.o)
 .debug_str     0x000939d9    0x90a6b CMakeFiles/AIPS.dir/Core/Src/main.c.obj
 .debug_str     0x000939d9    0x8fc1c CMakeFiles/AIPS.dir/Core/Src/stm32g0xx_it.c.obj
 .debug_str     0x000939d9    0x90712 CMakeFiles/AIPS.dir/Core/Src/stm32g0xx_hal_msp.c.obj
 .debug_str     0x000939d9    0x90995 CMakeFiles/AIPS.dir/Drivers/STM32G0xx_HAL_Driver/Src/stm32g0xx_hal_adc.c.obj
 .debug_str     0x000939d9    0x90330 CMakeFiles/AIPS.dir/Drivers/STM32G0xx_HAL_Driver/Src/stm32g0xx_hal_rcc.c.obj
 .debug_str     0x000939d9    0x8ff5e CMakeFiles/AIPS.dir/Drivers/STM32G0xx_HAL_Driver/Src/stm32g0xx_hal_rcc_ex.c.obj
 .debug_str     0x000939d9    0x8fd04 CMakeFiles/AIPS.dir/Drivers/STM32G0xx_HAL_Driver/Src/stm32g0xx_hal_gpio.c.obj
 .debug_str     0x000939d9    0x90053 CMakeFiles/AIPS.dir/Drivers/STM32G0xx_HAL_Driver/Src/stm32g0xx_hal_pwr_ex.c.obj
 .debug_str     0x000939d9    0x9005a CMakeFiles/AIPS.dir/Drivers/STM32G0xx_HAL_Driver/Src/stm32g0xx_hal_cortex.c.obj
 .debug_str     0x000939d9    0x903b7 CMakeFiles/AIPS.dir/Drivers/STM32G0xx_HAL_Driver/Src/stm32g0xx_hal.c.obj
 .debug_str     0x000939d9    0x91117 CMakeFiles/AIPS.dir/Drivers/STM32G0xx_HAL_Driver/Src/stm32g0xx_hal_tim.c.obj
 .debug_str     0x000939d9    0x90a9f CMakeFiles/AIPS.dir/Drivers/STM32G0xx_HAL_Driver/Src/stm32g0xx_hal_tim_ex.c.obj
 .debug_str     0x000939d9    0x8fbda CMakeFiles/AIPS.dir/Core/Src/system_stm32g0xx.c.obj
 .debug_str     0x000939d9       0x72 CMakeFiles/AIPS.dir/startup_stm32g031xx.s.obj
 .debug_str     0x000939d9       0xbe /usr/lib/gcc/arm-none-eabi/13.2.1/thumb/v6-m/nofp/libgcc.a(_udivsi3.o)
 .debug_str     0x000939d9       0xbf /usr/lib/gcc/arm-none-eabi/13.2.1/thumb/v6-m/nofp/libgcc.a(_dvmd_tls.o)

.debug_frame    0x00000000     0x2e48
 .debug_frame   0x00000000       0x2c /usr/lib/gcc/arm-none-eabi/13.2.1/../../../arm-none-eabi/lib/thumb/v6-m/nofp/libc_nano.a(libc_a-init.o)
 .debug_frame   0x0000002c       0x30 /usr/lib/gcc/arm-none-eabi/13.2.1/../../../arm-none-eabi/lib/thumb/v6-m/nofp/libc_nano.a(libc_a-memset.o)
 .debug_frame   0x0000005c       0xcc CMakeFiles/AIPS.dir/Core/Src/main.c.obj
 .debug_frame   0x00000128       0x9c CMakeFiles/AIPS.dir/Core/Src/stm32g0xx_it.c.obj
 .debug_frame   0x000001c4       0xd0 CMakeFiles/AIPS.dir/Core/Src/stm32g0xx_hal_msp.c.obj
 .debug_frame   0x00000294      0x78c CMakeFiles/AIPS.dir/Drivers/STM32G0xx_HAL_Driver/Src/stm32g0xx_hal_adc.c.obj
 .debug_frame   0x00000a20      0x214 CMakeFiles/AIPS.dir/Drivers/STM32G0xx_HAL_Driver/Src/stm32g0xx_hal_rcc.c.obj
 .debug_frame   0x00000c34       0xb4 CMakeFiles/AIPS.dir/Drivers/STM32G0xx_HAL_Driver/Src/stm32g0xx_hal_rcc_ex.c.obj
 .debug_frame   0x00000ce8      0x130 CMakeFiles/AIPS.dir/Drivers/STM32G0xx_HAL_Driver/Src/stm32g0xx_hal_gpio.c.obj
 .debug_frame   0x00000e18      0x32c CMakeFiles/AIPS.dir/Drivers/STM32G0xx_HAL_Driver/Src/stm32g0xx_hal_pwr_ex.c.obj
 .debug_frame   0x00001144      0x33c CMakeFiles/AIPS.dir/Drivers/STM32G0xx_HAL_Driver/Src/stm32g0xx_hal_cortex.c.obj
 .debug_frame   0x00001480      0x3fc CMakeFiles/AIPS.dir/Drivers/STM32G0xx_HAL_Driver/Src/stm32g0xx_hal.c.obj
 .debug_frame   0x0000187c      0xf40 CMakeFiles/AIPS.dir/Drivers/STM32G0xx_HAL_Driver/Src/stm32g0xx_hal_tim.c.obj
 .debug_frame   0x000027bc      0x620 CMakeFiles/AIPS.dir/Drivers/STM32G0xx_HAL_Driver/Src/stm32g0xx_hal_tim_ex.c.obj
 .debug_frame   0x00002ddc       0x4c CMakeFiles/AIPS.dir/Core/Src/system_stm32g0xx.c.obj
 .debug_frame   0x00002e28       0x20 /usr/lib/gcc/arm-none-eabi/13.2.1/thumb/v6-m/nofp/libgcc.a(_udivsi3.o)

.debug_rnglists
                0x00000000      0x9e5
 .debug_rnglists
                0x00000000       0x36 CMakeFiles/AIPS.dir/Core/Src/main.c.obj
 .debug_rnglists
                0x00000036       0x2b CMakeFiles/AIPS.dir/Core/Src/stm32g0xx_it.c.obj
 .debug_rnglists
                0x00000061       0x32 CMakeFiles/AIPS.dir/Core/Src/stm32g0xx_hal_msp.c.obj
 .debug_rnglists
                0x00000093      0x17f CMakeFiles/AIPS.dir/Drivers/STM32G0xx_HAL_Driver/Src/stm32g0xx_hal_adc.c.obj
 .debug_rnglists
                0x00000212       0x79 CMakeFiles/AIPS.dir/Drivers/STM32G0xx_HAL_Driver/Src/stm32g0xx_hal_rcc.c.obj
 .debug_rnglists
                0x0000028b       0x30 CMakeFiles/AIPS.dir/Drivers/STM32G0xx_HAL_Driver/Src/stm32g0xx_hal_rcc_ex.c.obj
 .debug_rnglists
                0x000002bb       0x45 CMakeFiles/AIPS.dir/Drivers/STM32G0xx_HAL_Driver/Src/stm32g0xx_hal_gpio.c.obj
 .debug_rnglists
                0x00000300       0xb5 CMakeFiles/AIPS.dir/Drivers/STM32G0xx_HAL_Driver/Src/stm32g0xx_hal_pwr_ex.c.obj
 .debug_rnglists
                0x000003b5       0xaa CMakeFiles/AIPS.dir/Drivers/STM32G0xx_HAL_Driver/Src/stm32g0xx_hal_cortex.c.obj
 .debug_rnglists
                0x0000045f       0xda CMakeFiles/AIPS.dir/Drivers/STM32G0xx_HAL_Driver/Src/stm32g0xx_hal.c.obj
 .debug_rnglists
                0x00000539      0x32b CMakeFiles/AIPS.dir/Drivers/STM32G0xx_HAL_Driver/Src/stm32g0xx_hal_tim.c.obj
 .debug_rnglists
                0x00000864      0x14e CMakeFiles/AIPS.dir/Drivers/STM32G0xx_HAL_Driver/Src/stm32g0xx_hal_tim_ex.c.obj
 .debug_rnglists
                0x000009b2       0x1a CMakeFiles/AIPS.dir/Core/Src/system_stm32g0xx.c.obj
 .debug_rnglists
                0x000009cc       0x19 CMakeFiles/AIPS.dir/startup_stm32g031xx.s.obj

.debug_macro    0x00000000    0x1600b
 .debug_macro   0x00000000      0x1b9 CMakeFiles/AIPS.dir/Core/Src/main.c.obj
 .debug_macro   0x000001b9      0xaae CMakeFiles/AIPS.dir/Core/Src/main.c.obj
 .debug_macro   0x00000c67      0x11d CMakeFiles/AIPS.dir/Core/Src/main.c.obj
 .debug_macro   0x00000d84       0x2e CMakeFiles/AIPS.dir/Core/Src/main.c.obj
 .debug_macro   0x00000db2       0x28 CMakeFiles/AIPS.dir/Core/Src/main.c.obj
 .debug_macro   0x00000dda      0x34e CMakeFiles/AIPS.dir/Core/Src/main.c.obj
 .debug_macro   0x00001128       0x1c CMakeFiles/AIPS.dir/Core/Src/main.c.obj
 .debug_macro   0x00001144       0x22 CMakeFiles/AIPS.dir/Core/Src/main.c.obj
 .debug_macro   0x00001166       0xd1 CMakeFiles/AIPS.dir/Core/Src/main.c.obj
 .debug_macro   0x00001237      0x4da CMakeFiles/AIPS.dir/Core/Src/main.c.obj
 .debug_macro   0x00001711      0x11f CMakeFiles/AIPS.dir/Core/Src/main.c.obj
 .debug_macro   0x00001830     0xac8e CMakeFiles/AIPS.dir/Core/Src/main.c.obj
 .debug_macro   0x0000c4be       0x66 CMakeFiles/AIPS.dir/Core/Src/main.c.obj
 .debug_macro   0x0000c524     0x3512 CMakeFiles/AIPS.dir/Core/Src/main.c.obj
 .debug_macro   0x0000fa36      0x190 CMakeFiles/AIPS.dir/Core/Src/main.c.obj
 .debug_macro   0x0000fbc6       0x5c CMakeFiles/AIPS.dir/Core/Src/main.c.obj
 .debug_macro   0x0000fc22      0x518 CMakeFiles/AIPS.dir/Core/Src/main.c.obj
 .debug_macro   0x0001013a      0xf70 CMakeFiles/AIPS.dir/Core/Src/main.c.obj
 .debug_macro   0x000110aa      0x1d8 CMakeFiles/AIPS.dir/Core/Src/main.c.obj
 .debug_macro   0x00011282      0x1cf CMakeFiles/AIPS.dir/Core/Src/main.c.obj
 .debug_macro   0x00011451      0x122 CMakeFiles/AIPS.dir/Core/Src/main.c.obj
 .debug_macro   0x00011573      0x390 CMakeFiles/AIPS.dir/Core/Src/main.c.obj
 .debug_macro   0x00011903      0x202 CMakeFiles/AIPS.dir/Core/Src/main.c.obj
 .debug_macro   0x00011b05      0x2ff CMakeFiles/AIPS.dir/Core/Src/main.c.obj
 .debug_macro   0x00011e04      0x1b2 CMakeFiles/AIPS.dir/Core/Src/main.c.obj
 .debug_macro   0x00011fb6       0x43 CMakeFiles/AIPS.dir/Core/Src/main.c.obj
 .debug_macro   0x00011ff9      0x1f1 CMakeFiles/AIPS.dir/Core/Src/main.c.obj
 .debug_macro   0x000121ea      0x8a6 CMakeFiles/AIPS.dir/Core/Src/main.c.obj
 .debug_macro   0x00012a90      0x5b4 CMakeFiles/AIPS.dir/Core/Src/main.c.obj
 .debug_macro   0x00013044       0x2e CMakeFiles/AIPS.dir/Core/Src/main.c.obj
 .debug_macro   0x00013072      0x1d6 CMakeFiles/AIPS.dir/Core/Src/main.c.obj
 .debug_macro   0x00013248      0x38a CMakeFiles/AIPS.dir/Core/Src/main.c.obj
 .debug_macro   0x000135d2       0x28 CMakeFiles/AIPS.dir/Core/Src/main.c.obj
 .debug_macro   0x000135fa       0xe4 CMakeFiles/AIPS.dir/Core/Src/main.c.obj
 .debug_macro   0x000136de      0x10c CMakeFiles/AIPS.dir/Core/Src/main.c.obj
 .debug_macro   0x000137ea      0x240 CMakeFiles/AIPS.dir/Core/Src/main.c.obj
 .debug_macro   0x00013a2a      0xac2 CMakeFiles/AIPS.dir/Core/Src/main.c.obj
 .debug_macro   0x000144ec      0x135 CMakeFiles/AIPS.dir/Core/Src/main.c.obj
 .debug_macro   0x00014621      0x49d CMakeFiles/AIPS.dir/Core/Src/main.c.obj
 .debug_macro   0x00014abe       0x4c CMakeFiles/AIPS.dir/Core/Src/main.c.obj
 .debug_macro   0x00014b0a      0x1c3 CMakeFiles/AIPS.dir/Core/Src/stm32g0xx_it.c.obj
 .debug_macro   0x00014ccd      0x1b9 CMakeFiles/AIPS.dir/Core/Src/stm32g0xx_hal_msp.c.obj
 .debug_macro   0x00014e86      0x1ce CMakeFiles/AIPS.dir/Drivers/STM32G0xx_HAL_Driver/Src/stm32g0xx_hal_adc.c.obj
 .debug_macro   0x00015054      0x1ec CMakeFiles/AIPS.dir/Drivers/STM32G0xx_HAL_Driver/Src/stm32g0xx_hal_rcc.c.obj
 .debug_macro   0x00015240      0x1c2 CMakeFiles/AIPS.dir/Drivers/STM32G0xx_HAL_Driver/Src/stm32g0xx_hal_rcc_ex.c.obj
 .debug_macro   0x00015402      0x1b1 CMakeFiles/AIPS.dir/Drivers/STM32G0xx_HAL_Driver/Src/stm32g0xx_hal_gpio.c.obj
 .debug_macro   0x000155b3      0x1d4 CMakeFiles/AIPS.dir/Drivers/STM32G0xx_HAL_Driver/Src/stm32g0xx_hal_pwr_ex.c.obj
 .debug_macro   0x00015787      0x1aa CMakeFiles/AIPS.dir/Drivers/STM32G0xx_HAL_Driver/Src/stm32g0xx_hal_cortex.c.obj
 .debug_macro   0x00015931      0x1ce CMakeFiles/AIPS.dir/Drivers/STM32G0xx_HAL_Driver/Src/stm32g0xx_hal.c.obj
 .debug_macro   0x00015aff      0x1b2 CMakeFiles/AIPS.dir/Drivers/STM32G0xx_HAL_Driver/Src/stm32g0xx_hal_tim.c.obj
 .debug_macro   0x00015cb1      0x1b0 CMakeFiles/AIPS.dir/Drivers/STM32G0xx_HAL_Driver/Src/stm32g0xx_hal_tim_ex.c.obj
 .debug_macro   0x00015e61      0x1aa CMakeFiles/AIPS.dir/Core/Src/system_stm32g0xx.c.obj

.debug_line_str
                0x00000000       0xef
 .debug_line_str
                0x00000000       0xef CMakeFiles/AIPS.dir/startup_stm32g031xx.s.obj
                                 0x58 (size before relaxing)
 .debug_line_str
                0x000000ef       0x97 /usr/lib/gcc/arm-none-eabi/13.2.1/thumb/v6-m/nofp/libgcc.a(_udivsi3.o)
 .debug_line_str
                0x000000ef       0x97 /usr/lib/gcc/arm-none-eabi/13.2.1/thumb/v6-m/nofp/libgcc.a(_dvmd_tls.o)
